[18:26:37] [main/INFO] (Launcher) ModLauncher running: args [--launchTarget, forgeclientdev, --version, 21.1.190, --assetIndex, 1.21.1-17, --assetsDir, C:\Users\Trevd\.gradle\caches\fabric-loom\assets, --gameDir, ., --fml.fmlVersion, 4.0.41, --fml.mcVersion, 1.21.1, --fml.neoForgeVersion, 21.1.190, --fml.neoFormVersion, 20240808.144430]
[18:26:37] [main/INFO] (Launcher) JVM identified as Eclipse Adoptium OpenJDK 64-Bit Server VM 21.0.9+10-LTS
[18:26:37] [main/INFO] (Launcher) ModLauncher 11.0.5+main.901c6ea8 starting: java version 21.0.9 by Eclipse Adoptium; OS Windows 11 arch amd64 version 10.0
[18:26:37] [main/INFO] (ImmediateWindowHandler) Loading ImmediateWindowProvider fmlearlywindow
[18:26:37] [main/INFO] (EARLYDISPLAY) Trying GL version 4.6
[18:26:37] [main/INFO] (EARLYDISPLAY) Requested GL version 4.6 got version 4.6
[18:26:37] [main/INFO] (mixin) SpongePowered MIXIN Subsystem Version=0.8.7 Source=union:/C:/Users/Trevd/.gradle/caches/modules-2/files-2.1/net.fabricmc/sponge-mixin/0.15.2+mixin.0.8.7/2af2f021d8e02a0220dc27a7a72b4666d66d44ca/sponge-mixin-0.15.2+mixin.0.8.7.jar%23125!/ Service=ModLauncher Env=CLIENT
[18:26:38] [main/INFO] (ModDiscoverer) Found mod file "neoforge-21.1.190-minecraft-merged-1.21.1-loom.mappings.1_21_1.layered+hash.40545-v2-neoforge-21.1.190.jar" [locator: neoforge devenv provider ([C:\Users\Trevd\.gradle\caches\fabric-loom\minecraftMaven\net\minecraft\neoforge-21.1.190-minecraft-merged\1.21.1-loom.mappings.1_21_1.layered+hash.40545-v2-neoforge-21.1.190\neoforge-21.1.190-minecraft-merged-1.21.1-loom.mappings.1_21_1.layered+hash.40545-v2-neoforge-21.1.190.jar])]
[18:26:38] [pool-5-thread-1/INFO] (EARLYDISPLAY) GL info: AMD Radeon RX 6400 GL version 4.6.0 Core Profile Context 25.10.251128, ATI Technologies Inc.
[18:26:38] [main/INFO] (ModDiscoverer) Found mod file "neoforge-21.1.190-minecraft-merged-1.21.1-loom.mappings.1_21_1.layered+hash.40545-v2-neoforge-21.1.190.jar" [locator: neoforge devenv provider ([C:\Users\Trevd\.gradle\caches\fabric-loom\minecraftMaven\net\minecraft\neoforge-21.1.190-minecraft-merged\1.21.1-loom.mappings.1_21_1.layered+hash.40545-v2-neoforge-21.1.190\neoforge-21.1.190-minecraft-merged-1.21.1-loom.mappings.1_21_1.layered+hash.40545-v2-neoforge-21.1.190.jar])]
[18:26:38] [main/INFO] (ModDiscoverer) Found mod file "main" [locator: userdev mods and services, reader: mod manifest]
[18:26:38] [main/INFO] (ModDiscoverer) Found mod file "neoforge-21.1.190-minecraft-merged-1.21.1-loom.mappings.1_21_1.layered+hash.40545-v2-neoforge-21.1.190.jar" [locator: userdev mods and services, reader: mod manifest]
[18:26:38] [main/INFO] (ModDiscoverer) Found mod file "architectury-neoforge-ff17b0ff-13.0.8.jar" [locator: userdev mods and services, reader: mod manifest]
[18:26:38] [main/INFO] (ModDiscoverer) Found mod file "geckolib-neoforge-1.21.1-ff17b0ff-4.8.jar" [locator: userdev mods and services, reader: mod manifest]
[18:26:38] [main/INFO] (ModDiscoverer) Found mod file "untitledduckmod-1.6.0-neoforge-1.21.1-ff17b0ff-83dbd6f535.jar" [locator: userdev mods and services, reader: mod manifest]
[18:26:38] [main/INFO] (ModDiscoverer) Found mod file "3523866452444782128.jar" [locator: userdev mods and services, reader: mod manifest]
[18:26:38] [main/INFO] (ModDiscoverer) Found gamelibrary file "mixinextras-neoforge-0.4.1.jar" [locator: userdev mods and services, reader: mod manifest]
[18:26:38] [main/WARN] (JarSelector) Attempted to select a dependency jar for JarJar which was passed in as source: library:mixinextras.neoforge. Using Mod File: C:\Users\Trevd\.gradle\caches\modules-2\files-2.1\io.github.llamalad7\mixinextras-neoforge\0.4.1\eff97772ecd0dcf8e52cdbafd3b3ccec425f8314\mixinextras-neoforge-0.4.1.jar
[18:26:38] [main/INFO] (JarInJarDependencyLocator) Found 1 dependencies adding them to mods collection
[18:26:38] [main/INFO] (ModDiscoverer) Found library file "net.neoforged.neoforge-coremods-21.1.190.jar" [parent: neoforge-21.1.190-minecraft-merged-1.21.1-loom.mappings.1_21_1.layered+hash.40545-v2-neoforge-21.1.190.jar, locator: jarinjar, reader: mod manifest]
[18:26:38] [main/INFO] (ModDiscoverer) 
     Mod List:
		Name Version (Mod Id)

		Architectury 13.0.8 (architectury)
		Duck Armor 1.0.0 (duckarmor)
		GeckoLib 4 4.8 (geckolib)
		generated_038522e 1 (generated_038522e)
		Minecraft 1.21.1 (minecraft)
		NeoForge 21.1.190 (neoforge)
		Untitled Duck Mod 1.6.0 (untitledduckmod)
[18:26:38] [main/INFO] (mixin) Compatibility level set to JAVA_17
[18:26:38] [main/INFO] (mixin) Compatibility level set to JAVA_21
[18:26:38] [main/INFO] (LaunchServiceHandler) Launching target 'forgeclientdev' with arguments [--version, 21.1.190, --gameDir, ., --assetsDir, C:\Users\Trevd\.gradle\caches\fabric-loom\assets, --assetIndex, 1.21.1-17]
[18:26:38] [main/INFO] (unprotect) Found 8254 Minecraft classes
[18:26:39] [main/WARN] (mixin) Reference map 'geckolib.refmap.json' for geckolib.mixins.json could not be read. If this is a development environment you can ignore this message
[18:26:39] [main/INFO] (MixinExtras|Service) Initializing MixinExtras via com.llamalad7.mixinextras.service.MixinExtrasServiceImpl(version=0.4.1).
[15Jul2026 18:26:41.442] [Datafixer Bootstrap/INFO] [com.mojang.datafixers.DataFixerBuilder/]: 229 Datafixer optimizations took 464 milliseconds
[15Jul2026 18:26:41.451] [main/WARN] [oshi.driver.windows.perfmon.PerfmonDisabled/]: Invalid registry value type detected for PerfOS counters. Should be REG_DWORD. Ignoring: HKEY_LOCAL_MACHINE\SYSTEM\CurrentControlSet\Services\PerfOS\Performance\Disable Performance Counters.
[15Jul2026 18:26:48.065] [main/WARN] [net.minecraft.commands.Commands/]: Ambiguity between arguments [teleport, location] and [teleport, destination] with inputs: [0.1 -0.5 .9, 0 0 0]
[15Jul2026 18:26:48.067] [main/WARN] [net.minecraft.commands.Commands/]: Ambiguity between arguments [teleport, location] and [teleport, targets] with inputs: [0.1 -0.5 .9, 0 0 0]
[15Jul2026 18:26:48.069] [main/WARN] [net.minecraft.commands.Commands/]: Ambiguity between arguments [teleport, destination] and [teleport, targets] with inputs: [Player, 0123, @e, dd12be42-52a9-4a91-a8a1-11c01849e498]
[15Jul2026 18:26:48.071] [main/WARN] [net.minecraft.commands.Commands/]: Ambiguity between arguments [teleport, targets] and [teleport, destination] with inputs: [Player, 0123, dd12be42-52a9-4a91-a8a1-11c01849e498]
[15Jul2026 18:26:48.071] [main/WARN] [net.minecraft.commands.Commands/]: Ambiguity between arguments [teleport, targets, location] and [teleport, targets, destination] with inputs: [0.1 -0.5 .9, 0 0 0]
[15Jul2026 18:26:48.225] [Render thread/WARN] [net.minecraft.server.packs.VanillaPackResourcesBuilder/]: Assets URL 'union:/C:/Users/Trevd/.gradle/caches/fabric-loom/minecraftMaven/net/minecraft/neoforge-21.1.190-minecraft-merged/1.21.1-loom.mappings.1_21_1.layered+hash.40545-v2-neoforge-21.1.190/neoforge-21.1.190-minecraft-merged-1.21.1-loom.mappings.1_21_1.layered+hash.40545-v2-neoforge-21.1.190.jar%23198!/assets/.mcassetsroot' uses unexpected schema
[15Jul2026 18:26:48.225] [Render thread/WARN] [net.minecraft.server.packs.VanillaPackResourcesBuilder/]: Assets URL 'union:/C:/Users/Trevd/.gradle/caches/fabric-loom/minecraftMaven/net/minecraft/neoforge-21.1.190-minecraft-merged/1.21.1-loom.mappings.1_21_1.layered+hash.40545-v2-neoforge-21.1.190/neoforge-21.1.190-minecraft-merged-1.21.1-loom.mappings.1_21_1.layered+hash.40545-v2-neoforge-21.1.190.jar%23198!/data/.mcassetsroot' uses unexpected schema
[15Jul2026 18:26:48.253] [Render thread/INFO] [com.mojang.authlib.yggdrasil.YggdrasilAuthenticationService/]: Environment: Environment[sessionHost=https://sessionserver.mojang.com, servicesHost=https://api.minecraftservices.com, name=PROD]
[15Jul2026 18:26:48.264] [Render thread/INFO] [net.minecraft.client.Minecraft/]: Setting user: Dev
[15Jul2026 18:26:48.358] [Render thread/INFO] [net.minecraft.client.Minecraft/]: Backend library: LWJGL version 3.3.3+5
[15Jul2026 18:26:48.661] [modloading-worker-0/INFO] [net.neoforged.neoforge.common.NeoForgeMod/NEOFORGE-MOD]: NeoForge mod loading, version 21.1.190, for MC 1.21.1
[15Jul2026 18:26:49.748] [Render thread/INFO] [net.neoforged.neoforge.gametest.GameTestHooks/]: Enabled Gametest Namespaces: []
[15Jul2026 18:26:50.010] [Render thread/INFO] [net.minecraft.server.packs.resources.ReloadableResourceManager/]: Reloading ResourceManager: vanilla, mod_resources, mod/duckarmor, mod/geckolib, mod/untitledduckmod, mod/architectury, mod/neoforge, mod/generated_038522e
[15Jul2026 18:26:50.489] [Worker-Main-2/INFO] [net.minecraft.client.gui.font.providers.UnihexProvider/]: Found unifont_all_no_pua-15.1.05.hex, loading
[15Jul2026 18:26:50.583] [Worker-Main-8/INFO] [net.minecraft.client.gui.font.providers.UnihexProvider/]: Found unifont_jp_patch-15.1.05.hex, loading
[15Jul2026 18:26:52.559] [Render thread/WARN] [net.minecraft.client.sounds.SoundEngine/]: Missing sound for event: minecraft:item.goat_horn.play
[15Jul2026 18:26:52.559] [Render thread/WARN] [net.minecraft.client.sounds.SoundEngine/]: Missing sound for event: minecraft:entity.goat.screaming.horn_break
[15Jul2026 18:26:52.693] [Render thread/INFO] [com.mojang.blaze3d.audio.Library/]: OpenAL initialized on device OpenAL Soft on 1 - Sceptre F27 (AMD High Definition Audio Device)
[15Jul2026 18:26:52.694] [Render thread/INFO] [net.minecraft.client.sounds.SoundEngine/SOUNDS]: Sound engine started
[15Jul2026 18:26:52.862] [Render thread/INFO] [net.minecraft.client.renderer.texture.TextureAtlas/]: Created: 1024x512x4 minecraft:textures/atlas/blocks.png-atlas
[15Jul2026 18:26:52.878] [Render thread/INFO] [net.minecraft.client.renderer.texture.TextureAtlas/]: Created: 256x256x4 minecraft:textures/atlas/signs.png-atlas
[15Jul2026 18:26:52.880] [Render thread/INFO] [net.minecraft.client.renderer.texture.TextureAtlas/]: Created: 512x512x4 minecraft:textures/atlas/shield_patterns.png-atlas
[15Jul2026 18:26:52.880] [Render thread/INFO] [net.minecraft.client.renderer.texture.TextureAtlas/]: Created: 512x512x4 minecraft:textures/atlas/banner_patterns.png-atlas
[15Jul2026 18:26:52.881] [Render thread/INFO] [net.minecraft.client.renderer.texture.TextureAtlas/]: Created: 1024x1024x4 minecraft:textures/atlas/armor_trims.png-atlas
[15Jul2026 18:26:52.896] [Render thread/INFO] [net.minecraft.client.renderer.texture.TextureAtlas/]: Created: 256x256x4 minecraft:textures/atlas/chest.png-atlas
[15Jul2026 18:26:52.897] [Render thread/INFO] [net.minecraft.client.renderer.texture.TextureAtlas/]: Created: 128x64x4 minecraft:textures/atlas/decorated_pot.png-atlas
[15Jul2026 18:26:52.898] [Render thread/INFO] [net.minecraft.client.renderer.texture.TextureAtlas/]: Created: 512x256x4 minecraft:textures/atlas/shulker_boxes.png-atlas
[15Jul2026 18:26:52.898] [Render thread/INFO] [net.minecraft.client.renderer.texture.TextureAtlas/]: Created: 512x256x4 minecraft:textures/atlas/beds.png-atlas
[15Jul2026 18:26:53.029] [Render thread/INFO] [net.minecraft.client.renderer.texture.TextureAtlas/]: Created: 512x256x0 minecraft:textures/atlas/particles.png-atlas
[15Jul2026 18:26:53.032] [Render thread/INFO] [net.minecraft.client.renderer.texture.TextureAtlas/]: Created: 512x256x0 minecraft:textures/atlas/paintings.png-atlas
[15Jul2026 18:26:53.033] [Render thread/INFO] [net.minecraft.client.renderer.texture.TextureAtlas/]: Created: 256x128x0 minecraft:textures/atlas/mob_effects.png-atlas
[15Jul2026 18:26:53.033] [Render thread/INFO] [net.minecraft.client.renderer.texture.TextureAtlas/]: Created: 64x64x0 minecraft:textures/atlas/map_decorations.png-atlas
[15Jul2026 18:26:53.033] [Render thread/INFO] [net.minecraft.client.renderer.texture.TextureAtlas/]: Created: 1024x512x0 minecraft:textures/atlas/gui.png-atlas
[15Jul2026 18:26:53.105] [Render thread/WARN] [net.minecraft.client.renderer.ShaderInstance/]: Shader rendertype_entity_translucent_emissive could not find sampler named Sampler2 in the specified shader program.
[15Jul2026 18:26:53.243] [Render thread/INFO] [net.neoforged.neoforge.client.entity.animation.json.AnimationLoader/]: Loaded 0 entity animations
[15Jul2026 18:26:58.458] [Render thread/INFO] [net.minecraft.client.Minecraft/]: Stopping!
